// Jest Snapshot v1, https://goo.gl/fbAQLP

exports[`Categories component renders correctly Renders Correctly 1`] = `
<div
  className="ui equal width grid"
>
  <div
    className="column"
  >
    <div
      aria-busy={undefined}
      aria-disabled={undefined}
      aria-expanded={false}
      className="ui fluid multiple search selection dropdown"
      onBlur={[Function]}
      onChange={[Function]}
      onClick={[Function]}
      onFocus={[Function]}
      onMouseDown={[Function]}
      role="combobox"
      tabIndex={undefined}
    >
      <input
        aria-autocomplete="list"
        autoComplete="off"
        className="search"
        onChange={[Function]}
        style={
          Object {
            "width": undefined,
          }
        }
        tabIndex={0}
        type="text"
        value=""
      />
      <span
        className="sizer"
      />
      <div
        aria-live="polite"
        className="default text"
        role="alert"
      >
        Choose product ids
      </div>
      <i
        aria-hidden="true"
        className="dropdown icon"
        onClick={[Function]}
      />
      <div
        aria-multiselectable={true}
        className="menu transition"
        role="listbox"
      >
        <div
          aria-checked={false}
          aria-disabled={undefined}
          aria-selected={true}
          className="selected item"
          onClick={[Function]}
          role="option"
          style={
            Object {
              "pointerEvents": "all",
            }
          }
        >
          <span
            className="text"
          >
            3383096
          </span>
        </div>
      </div>
    </div>
  </div>
  <div
    className="column"
  >
    <button
      className="ui violet basic button"
      disabled={undefined}
      onClick={[Function]}
      role="button"
      tabIndex={undefined}
    >
      Get Products
    </button>
  </div>
</div>
`;
